 usbuart

 Timestamp is 58be6c44 (Tue Mar  7 11:16:04 2017)

 Preferred load address is 00400000

 Start         Length     Name                   Class
 0001:00000000 00004273H .text$mn                CODE
 0002:00000000 00000168H my_kernel_api           CODE
 0003:00000000 00000070H .idata$5                DATA
 0003:00000070 0000005cH .rdata                  DATA
 0003:000000cc 00000000H .edata                  DATA
 0003:000000cc 000000dcH .rdata$zzzdbg           DATA
 0003:000001a8 00000014H .idata$2                DATA
 0003:000001bc 00000014H .idata$3                DATA
 0003:000001d0 00000064H .idata$4                DATA
 0003:00000234 00000166H .idata$6                DATA
 0004:00000000 000008ccH .data                   DATA
 0004:000008cc 00000010H .bss                    DATA

  Address         Publics by Value              Rva+Base       Lib:Object

 0000:00000000       ___guard_longjmp_table     00000000     <absolute>
 0000:00000000       ___guard_iat_table         00000000     <absolute>
 0000:00000000       ___guard_fids_count        00000000     <absolute>
 0000:00000000       ___guard_iat_count         00000000     <absolute>
 0000:00000000       ___dynamic_value_reloc_table 00000000     <absolute>
 0000:00000000       ___guard_longjmp_count     00000000     <absolute>
 0000:00000000       ___guard_flags             00000000     <absolute>
 0000:00000000       ___guard_fids_table        00000000     <absolute>
 0001:00000000       _ftdi_232bm_baud_to_divisor 00401000 f   ftdi.obj
 0001:000023f0       _Public_Start@8            004033f0 f   usbuart.obj
 0001:000028d0       _strcpy                    004038d0 f   lib__clib_simple:strcpy.obj
 0001:00002910       _strlen                    00403910 f   lib__clib_simple:strlen.obj
 0001:00002940       _memset                    00403940 f   lib__clib_simple:memset.obj
 0001:00002980       _memcmp                    00403980 f   lib__clib_simple:memcmp.obj
 0001:000029e0       _memcpy                    004039e0 f   lib__clib_simple:memcpy.obj
 0001:00002a30       _toupper                   00403a30 f   lib__clib_simple:prtf.obj
 0001:00002a50       _strupr                    00403a50 f   lib__clib_simple:prtf.obj
 0001:00002a90       _uldiv                     00403a90 f   lib__clib_simple:prtf.obj
 0001:00002ac0       _strrev                    00403ac0 f   lib__clib_simple:prtf.obj
 0001:00002b30       _ultoa                     00403b30 f   lib__clib_simple:prtf.obj
 0001:00002bc0       _ltoa                      00403bc0 f   lib__clib_simple:prtf.obj
 0001:00002ca0       _itoa                      00403ca0 f   lib__clib_simple:prtf.obj
 0001:00003880       ___prtf                    00404880 f   lib__clib_simple:prtf.obj
 0001:00003b90       _ulltoa                    00404b90 f   lib__clib_simple:prtf.obj
 0001:00003fc0       _vsnprintf                 00404fc0 f   lib__clib_simple:prtf.obj
 0001:00004050       _snprintf                  00405050 f   lib__clib_simple:prtf.obj
 0001:00004080       _atol                      00405080 f   lib__clib_simple:atol.obj
 0001:00004150       _dbg                       00405150 f   lib__kernel_api:dbg.obj
 0001:00004260       _setlevel_dbg              00405260 f   lib__kernel_api:dbg.obj
 0002:00000000       _coreRegUSBDriver@12       00406000     lib__kernel_api:ddkos.masm.obj
 0002:00000007       _coreUSBGetParam@8         00406007     lib__kernel_api:ddkos.masm.obj
 0002:0000000e       _coreKfree@4               0040600e     lib__kernel_api:ddkos.masm.obj
 0002:00000021       _coreKmalloc@4             00406021     lib__kernel_api:ddkos.masm.obj
 0002:00000037       _coreSysMsgBoardStr@4      00406037     lib__kernel_api:ddkos.masm.obj
 0002:0000004a       _coreSendEvent@8           0040604a     lib__kernel_api:ddkos.masm.obj
 0002:00000063       _coreGetService@4          00406063     lib__kernel_api:ddkos.masm.obj
 0002:0000006a       _coreRegService@8          0040606a     lib__kernel_api:ddkos.masm.obj
 0002:00000071       _coreUSBOpenPipe@20        00406071     lib__kernel_api:ddkos.masm.obj
 0002:00000078       _coreUSBClosePipe@4        00406078     lib__kernel_api:ddkos.masm.obj
 0002:0000007f       _coreUSBControlTransferAsync@28 0040607f     lib__kernel_api:ddkos.masm.obj
 0002:00000086       _coreUSBNormalTransferAsync@24 00406086     lib__kernel_api:ddkos.masm.obj
 0002:0000008d       _coreCreateEvent@12        0040608d     lib__kernel_api:ddkos.masm.obj
 0002:000000b5       _coreRaiseEvent@16         004060b5     lib__kernel_api:ddkos.masm.obj
 0002:000000d1       _coreClearEvent@8          004060d1     lib__kernel_api:ddkos.masm.obj
 0002:000000e7       _coreWaitEvent@8           004060e7     lib__kernel_api:ddkos.masm.obj
 0002:000000fd       _coreWaitEventTimeout@12   004060fd     lib__kernel_api:ddkos.masm.obj
 0002:00000119       _coreDestroyEvent@8        00406119     lib__kernel_api:ddkos.masm.obj
 0002:00000132       _coreGetPid@0              00406132     lib__kernel_api:ddkos.masm.obj
 0002:00000139       @coreMutexInit@4           00406139     lib__kernel_api:ddkos.masm.obj
 0002:00000140       @coreMutexLock@4           00406140     lib__kernel_api:ddkos.masm.obj
 0002:00000147       @coreMutexUnlock@4         00406147     lib__kernel_api:ddkos.masm.obj
 0002:0000014e       _coreNetRegDev@4           0040614e     lib__kernel_api:ddkos.masm.obj
 0002:00000161       _coreNetFree@4             00406161     lib__kernel_api:ddkos.masm.obj
 0003:00000000       __imp__Kfree               00407000     core_import.msvc:core.dll
 0003:00000004       __imp__Kmalloc             00407004     core_import.msvc:core.dll
 0003:00000008       __imp__SysMsgBoardStr      00407008     core_import.msvc:core.dll
 0003:0000000c       __imp__RegUSBDriver        0040700c     core_import.msvc:core.dll
 0003:00000010       __imp__USBGetParam         00407010     core_import.msvc:core.dll
 0003:00000014       __imp__SendEvent           00407014     core_import.msvc:core.dll
 0003:00000018       __imp__GetService          00407018     core_import.msvc:core.dll
 0003:0000001c       __imp__RegService          0040701c     core_import.msvc:core.dll
 0003:00000020       __imp__USBOpenPipe         00407020     core_import.msvc:core.dll
 0003:00000024       __imp__USBClosePipe        00407024     core_import.msvc:core.dll
 0003:00000028       __imp__CreateEvent         00407028     core_import.msvc:core.dll
 0003:0000002c       __imp__USBControlTransferAsync 0040702c     core_import.msvc:core.dll
 0003:00000030       __imp__RaiseEvent          00407030     core_import.msvc:core.dll
 0003:00000034       __imp__ClearEvent          00407034     core_import.msvc:core.dll
 0003:00000038       __imp__WaitEvent           00407038     core_import.msvc:core.dll
 0003:0000003c       __imp__WaitEventTimeout    0040703c     core_import.msvc:core.dll
 0003:00000040       __imp__DestroyEvent        00407040     core_import.msvc:core.dll
 0003:00000044       __imp__USBNormalTransferAsync 00407044     core_import.msvc:core.dll
 0003:00000048       __imp__GetPid              00407048     core_import.msvc:core.dll
 0003:0000004c       __imp__NetRegDev           0040704c     core_import.msvc:core.dll
 0003:00000050       __imp__NetFree             00407050     core_import.msvc:core.dll
 0003:00000054       __imp__MutexInit           00407054     core_import.msvc:core.dll
 0003:00000058       __imp__MutexLock           00407058     core_import.msvc:core.dll
 0003:0000005c       __imp__MutexUnlock         0040705c     core_import.msvc:core.dll
 0003:00000060       \177core_NULL_THUNK_DATA   00407060     core_import.msvc:core.dll
 0003:00000078       ___Alphabet                00407078     lib__clib_simple:prtf.obj
 0003:000000a0       ??_C@_03JLNFKLOC@?$CFi?5?$AA@ 004070a0     lib__kernel_api:dbg.obj
 0003:000001a8       __IMPORT_DESCRIPTOR_core   004071a8     core_import.msvc:core.dll
 0003:000001bc       __NULL_IMPORT_DESCRIPTOR   004071bc     core_import.msvc:core.dll

 entry point at        0000:00000000

 Static symbols

 0001:00000020       _ftdi_232bm_baud_base_to_divisor 00401020 f   ftdi.obj
 0001:00000080       _PutChar_Incoming          00401080 f   usbuart.obj
 0001:00000130       _GetChar_Incoming          00401130 f   usbuart.obj
 0001:000001e0       _Callback_Ctrl@20          004011e0 f   usbuart.obj
 0001:00000250       _usb_bulk_msg              00401250 f   usbuart.obj
 0001:000002e0       _Callback_BulkOut@20       004012e0 f   usbuart.obj
 0001:00000400       _usb_control_msg           00401400 f   usbuart.obj
 0001:00000520       _Callback_Intr@20          00401520 f   usbuart.obj
 0001:000007f0       _Callback_BulkInp@20       004017f0 f   usbuart.obj
 0001:000009f0       _SeekUartDevice            004019f0 f   usbuart.obj
 0001:00000a60       _SeekToDescriptor          00401a60 f   usbuart.obj
 0001:00000ae0       _ClosePipes                00401ae0 f   usbuart.obj
 0001:00000bd0       _ProcCmd_GET_BYTE@4        00401bd0 f   usbuart.obj
 0001:00000c80       _ProcCmd_GET_BYTES@4       00401c80 f   usbuart.obj
 0001:00000d50       _ProcCmd_GET_MAX_PACKET_LENGTH@4 00401d50 f   usbuart.obj
 0001:00000dc0       _ProcCmd_EVENT_STATUS@4    00401dc0 f   usbuart.obj
 0001:00000e30       _ProcCmd_GET_STATUS_LINE@4 00401e30 f   usbuart.obj
 0001:00000f80       _ProcCmd_CLOSE_DEVICE@4    00401f80 f   usbuart.obj
 0001:00001060       _ProcCmd_SEND_PACKET@4     00402060 f   usbuart.obj
 0001:00001200       _Lcp210x__usb_control_msg  00402200 f   usbuart.obj
 0001:00001280       _ProcCmd_SET_STATUS_LINE@4 00402280 f   usbuart.obj
 0001:000013d0       _ProcCmd_SETUP_LINE@4      004023d0 f   usbuart.obj
 0001:00001760       _SetBusy                   00402760 f   usbuart.obj
 0001:00001850       _ProcCmd_OPEN_UART@4       00402850 f   usbuart.obj
 0001:00001af0       _ProcCmd_CTRL_RAW@4        00402af0 f   usbuart.obj
 0001:00001c10       _Callback_Bulk_Msg@20      00402c10 f   usbuart.obj
 0001:00001c70       _ProcCmd_BULK_RAW@4        00402c70 f   usbuart.obj
 0001:00001d50       _ProcCmd_OPEN_RAW@4        00402d50 f   usbuart.obj
 0001:00001dc0       _ServiceProc@4             00402dc0 f   usbuart.obj
 0001:00002060       _Additive@12               00403060 f   usbuart.obj
 0001:00002330       _Disconnected@4            00403330 f   usbuart.obj
 0001:00002520       _GetCreatePipe             00403520 f   usbuart.obj
 0001:00002cc0       _evalflags                 00403cc0 f   lib__clib_simple:prtf.obj
 0001:00002d90       _formstring                00403d90 f   lib__clib_simple:prtf.obj
 0001:000034e4       $LN76                      004044e4     lib__clib_simple:prtf.obj
 0001:0000350c       $LN75                      0040450c     lib__clib_simple:prtf.obj
 0001:00003540       _getprintspecs             00404540 f   lib__clib_simple:prtf.obj
 0001:00003828       $LN27                      00404828     lib__clib_simple:prtf.obj
 0001:00003848       $LN26                      00404848     lib__clib_simple:prtf.obj
 0001:00003c30       _far_strlen                00404c30 f   lib__clib_simple:prtf.obj
 0001:00003c70       _far_other_strlen          00404c70 f   lib__clib_simple:prtf.obj
 0001:00003c80       _fmt4hex                   00404c80 f   lib__clib_simple:prtf.obj
 0001:00003d20       _FixedPoint_Format         00404d20 f   lib__clib_simple:prtf.obj
 0001:00003ed0       _float_format              00404ed0 f   lib__clib_simple:prtf.obj
 0001:00003ee0       _SetZeroPad                00404ee0 f   lib__clib_simple:prtf.obj
 0001:00003f50       _buf_putc                  00404f50 f   lib__clib_simple:prtf.obj
 0001:00003fa0       _buf_count_putc            00404fa0 f   lib__clib_simple:prtf.obj
 0002:00000000       $$000000                   00406000     lib__kernel_api:ddkos.masm.obj
 0003:00000070       ?divfrac@?1??ftdi_232bm_baud_base_to_divisor@@9@9 00407070     ftdi.obj
 0003:00000390       .idata$6                   00407390     core_import.msvc:core.dll
 0004:00000000       $SG2051                    00408000     usbuart.obj
 0004:0000001c       $SG2054                    0040801c     usbuart.obj
 0004:00000030       $SG2083                    00408030     usbuart.obj
 0004:00000050       $SG2090                    00408050     usbuart.obj
 0004:00000064       $SG2094                    00408064     usbuart.obj
 0004:0000007c       $SG2221                    0040807c     usbuart.obj
 0004:00000094       $SG2223                    00408094     usbuart.obj
 0004:000000ac       $SG2240                    004080ac     usbuart.obj
 0004:000000cc       $SG2241                    004080cc     usbuart.obj
 0004:000000ec       $SG2242                    004080ec     usbuart.obj
 0004:000000fc       $SG2264                    004080fc     usbuart.obj
 0004:0000011c       $SG2304                    0040811c     usbuart.obj
 0004:0000013c       $SG2305                    0040813c     usbuart.obj
 0004:0000014c       $SG2306                    0040814c     usbuart.obj
 0004:0000015c       $SG2307                    0040815c     usbuart.obj
 0004:0000016c       $SG2308                    0040816c     usbuart.obj
 0004:0000017c       $SG2309                    0040817c     usbuart.obj
 0004:0000018c       $SG2314                    0040818c     usbuart.obj
 0004:0000019c       $SG2315                    0040819c     usbuart.obj
 0004:000001b8       $SG2316                    004081b8     usbuart.obj
 0004:000001c8       $SG2317                    004081c8     usbuart.obj
 0004:000001dc       $SG2319                    004081dc     usbuart.obj
 0004:000001e8       $SG2320                    004081e8     usbuart.obj
 0004:00000208       $SG2321                    00408208     usbuart.obj
 0004:00000218       $SG2322                    00408218     usbuart.obj
 0004:0000022c       $SG2323                    0040822c     usbuart.obj
 0004:00000238       $SG2349                    00408238     usbuart.obj
 0004:00000250       $SG2350                    00408250     usbuart.obj
 0004:0000026c       $SG2361                    0040826c     usbuart.obj
 0004:0000027c       $SG2365                    0040827c     usbuart.obj
 0004:00000298       $SG2368                    00408298     usbuart.obj
 0004:000002a8       $SG2370                    004082a8     usbuart.obj
 0004:000002b4       $SG2371                    004082b4     usbuart.obj
 0004:000002d4       $SG2373                    004082d4     usbuart.obj
 0004:000002e8       $SG2374                    004082e8     usbuart.obj
 0004:00000314       $SG2375                    00408314     usbuart.obj
 0004:0000032c       $SG2378                    0040832c     usbuart.obj
 0004:0000033c       $SG2379                    0040833c     usbuart.obj
 0004:00000358       $SG2405                    00408358     usbuart.obj
 0004:0000036c       $SG2422                    0040836c     usbuart.obj
 0004:0000037c       $SG2425                    0040837c     usbuart.obj
 0004:00000384       $SG2426                    00408384     usbuart.obj
 0004:00000390       _Procs                     00408390     usbuart.obj
 0004:000003f8       $SG2473                    004083f8     usbuart.obj
 0004:00000418       $SG2512                    00408418     usbuart.obj
 0004:00000450       $SG2515                    00408450     usbuart.obj
 0004:00000484       $SG2518                    00408484     usbuart.obj
 0004:000004a0       $SG2519                    004084a0     usbuart.obj
 0004:000004bc       $SG2527                    004084bc     usbuart.obj
 0004:000004d8       $SG2528                    004084d8     usbuart.obj
 0004:000004ec       $SG2529                    004084ec     usbuart.obj
 0004:00000504       $SG2530                    00408504     usbuart.obj
 0004:0000052c       $SG2543                    0040852c     usbuart.obj
 0004:00000548       $SG2549                    00408548     usbuart.obj
 0004:00000558       _UsbFunc                   00408558     usbuart.obj
 0004:00000564       $SG2571                    00408564     usbuart.obj
 0004:0000057c       $SG2573                    0040857c     usbuart.obj
 0004:00000584       $SG2574                    00408584     usbuart.obj
 0004:00000590       $SG2577                    00408590     usbuart.obj
 0004:000005a4       $SG2578                    004085a4     usbuart.obj
 0004:000005b0       _Known_Device              004085b0     usbuart.obj
 0004:00000760       _knownDevice               00408760     usbuart.obj
 0004:00000764       $SG1850                    00408764     usbuart.obj
 0004:00000778       $SG1859                    00408778     usbuart.obj
 0004:0000078c       $SG1860                    0040878c     usbuart.obj
 0004:000007a0       $SG1861                    004087a0     usbuart.obj
 0004:000007bc       $SG1862                    004087bc     usbuart.obj
 0004:000007d4       $SG1864                    004087d4     usbuart.obj
 0004:000007ec       $SG1867                    004087ec     usbuart.obj
 0004:000007f4       $SG1870                    004087f4     usbuart.obj
 0004:000007fc       $SG1873                    004087fc     usbuart.obj
 0004:00000804       $SG1874                    00408804     usbuart.obj
 0004:0000080c       $SG1877                    0040880c     usbuart.obj
 0004:00000814       $SG1878                    00408814     usbuart.obj
 0004:0000081c       $SG1879                    0040881c     usbuart.obj
 0004:00000820       $SG1882                    00408820     usbuart.obj
 0004:0000082c       $SG1918                    0040882c     usbuart.obj
 0004:00000848       $SG1951                    00408848     usbuart.obj
 0004:00000868       $SG1988                    00408868     usbuart.obj
 0004:00000884       $SG1989                    00408884     usbuart.obj
 0004:000008ac       $SG2036                    004088ac     usbuart.obj
 0004:000008c8       _iLevelDebug               004088c8     lib__kernel_api:dbg.obj
 0004:000008cc       _rootDevice                004088cc     usbuart.obj
 0004:000008d0       _booChangeList             004088d0     usbuart.obj
 0004:000008d4       ?iSimpleCounter@?2??dbg@@9@9 004088d4     lib__kernel_api:dbg.obj
 0004:000008d8       ?bFactInitComport@?3??dbg@@9@9 004088d8     lib__kernel_api:dbg.obj
